Program version=1 slots=3
series close: series float depth=none
output[0] "output0" set: float @ funcs.tea:9:1
name fast: perBar series float depth=none
name source: perBar series float depth=none
name length: perBar const int depth=none
name alpha: perBar const float depth=none
name e: var series float depth=none
name slow: perBar series float depth=none
name source#1: perBar series float depth=none
name length#1: perBar const int depth=none
name alpha#1: perBar const float depth=none
name e#1: var series float depth=none
name x: perBar series float depth=none
func ta.ema(source: series float, length: const int): series float
  body: BlockExpr: series float
    Assign
      target: Read name:alpha: const float
      value: Const 0.2: const float
    InitName e
      Const na: const float
    Assign
      target: Read name:e: series float
      value: IfExpr: series float
        cond: CallNative na pure: series bool
          Read name:e: series float
        then: BlockExpr: series float
          value: Read name:source: series float
        else: BlockExpr: series float
          value: Binary Add: series float
            Binary Mul: series float
              Const 0.2: const float
              Read name:source: series float
            Binary Mul: series float
              Const 0.8: const float
              Read name:e: series float
    value: Read name:e: series float
func ta.ema(source#1: series float, length#1: const int): series float
  body: BlockExpr: series float
    Assign
      target: Read name:alpha#1: const float
      value: Const 0.09090909090909091: const float
    InitName e#1
      Const na: const float
    Assign
      target: Read name:e#1: series float
      value: IfExpr: series float
        cond: CallNative na pure: series bool
          Read name:e#1: series float
        then: BlockExpr: series float
          value: Read name:source#1: series float
        else: BlockExpr: series float
          value: Binary Add: series float
            Binary Mul: series float
              Const 0.09090909090909091: const float
              Read name:source#1: series float
            Binary Mul: series float
              Const 0.9090909090909091: const float
              Read name:e#1: series float
    value: Read name:e#1: series float
func double(x: series float): series float
  body: BlockExpr: series float
    value: Binary Mul: series float
      Read name:x: series float
      Const 2: const int
body:
  Assign
    target: Read name:fast: series float
    value: CallFunc ta.ema slot=0: series float
      Read series:close: series float
      Const 9: const int
  Assign
    target: Read name:slow: series float
    value: CallFunc ta.ema slot=1: series float
      Read series:close: series float
      Const 21: const int
  Emit output[0]
    value: CallFunc double slot=2: series float
      Binary Sub: series float
        Read name:fast: series float
        Read name:slow: series float
