exprs.tea:2:1	name	"x"
exprs.tea:2:3	assign	""
exprs.tea:2:5	literal	"int:1"
exprs.tea:2:6	newline	""
exprs.tea:3:1	var	""
exprs.tea:3:5	name	"float"
exprs.tea:3:11	name	"b"
exprs.tea:3:13	assign	""
exprs.tea:3:15	literal	"float:1.4"
exprs.tea:3:18	newline	""
exprs.tea:4:1	varip	""
exprs.tea:4:7	name	"cnt"
exprs.tea:4:11	assign	""
exprs.tea:4:13	literal	"int:0"
exprs.tea:4:14	newline	""
exprs.tea:5:1	const	""
exprs.tea:5:7	name	"model"
exprs.tea:5:13	assign	""
exprs.tea:5:15	literal	"string:\"gpt\""
exprs.tea:5:20	newline	""
exprs.tea:6:1	name	"y"
exprs.tea:6:3	define	""
exprs.tea:6:6	name	"x"
exprs.tea:6:8	operator	"+"
exprs.tea:6:10	literal	"int:2"
exprs.tea:6:11	newline	""
exprs.tea:7:1	name	"y"
exprs.tea:7:3	assignop	"+"
exprs.tea:7:6	literal	"int:3"
exprs.tea:7:7	newline	""
exprs.tea:8:1	lbrack	""
exprs.tea:8:2	name	"a"
exprs.tea:8:3	comma	""
exprs.tea:8:5	name	"c"
exprs.tea:8:6	rbrack	""
exprs.tea:8:8	assign	""
exprs.tea:8:10	name	"f"
exprs.tea:8:11	lparen	""
exprs.tea:8:12	name	"x"
exprs.tea:8:13	comma	""
exprs.tea:8:15	name	"b"
exprs.tea:8:16	rparen	""
exprs.tea:8:17	newline	""
exprs.tea:9:1	name	"h"
exprs.tea:9:3	assign	""
exprs.tea:9:5	name	"x"
exprs.tea:9:7	operator	">="
exprs.tea:9:10	literal	"int:0"
exprs.tea:9:12	question	""
exprs.tea:9:14	name	"b"
exprs.tea:9:16	operator	">"
exprs.tea:9:18	literal	"float:1.0"
exprs.tea:9:22	question	""
exprs.tea:9:24	literal	"int:1"
exprs.tea:9:26	colon	""
exprs.tea:9:28	literal	"int:2"
exprs.tea:9:30	colon	""
exprs.tea:9:32	literal	"int:3"
exprs.tea:9:33	newline	""
exprs.tea:10:1	name	"s"
exprs.tea:10:3	assign	""
exprs.tea:10:5	literal	"string:\"hi\""
exprs.tea:10:10	operator	"+"
exprs.tea:10:12	literal	"string:'there'"
exprs.tea:10:19	newline	""
exprs.tea:11:1	name	"col"
exprs.tea:11:5	assign	""
exprs.tea:11:7	literal	"color:#26a69a"
exprs.tea:11:14	newline	""
exprs.tea:12:1	name	"n"
exprs.tea:12:3	assign	""
exprs.tea:12:5	operator	"not"
exprs.tea:12:9	lparen	""
exprs.tea:12:10	name	"x"
exprs.tea:12:12	operator	"=="
exprs.tea:12:15	literal	"int:2"
exprs.tea:12:16	rparen	""
exprs.tea:12:18	operator	"and"
exprs.tea:12:22	name	"y"
exprs.tea:12:24	operator	"!="
exprs.tea:12:27	literal	"int:4"
exprs.tea:12:29	operator	"or"
exprs.tea:12:32	name	"b"
exprs.tea:12:34	operator	"<"
exprs.tea:12:36	literal	"float:.5"
exprs.tea:12:38	newline	""
exprs.tea:13:1	name	"d"
exprs.tea:13:3	assign	""
exprs.tea:13:5	name	"close"
exprs.tea:13:10	lbrack	""
exprs.tea:13:11	literal	"int:1"
exprs.tea:13:12	rbrack	""
exprs.tea:13:14	operator	"-"
exprs.tea:13:16	name	"open"
exprs.tea:13:20	lbrack	""
exprs.tea:13:21	name	"x"
exprs.tea:13:23	operator	"+"
exprs.tea:13:25	literal	"int:1"
exprs.tea:13:26	rbrack	""
exprs.tea:13:27	newline	""
exprs.tea:14:1	name	"sel"
exprs.tea:14:5	assign	""
exprs.tea:14:7	name	"ta"
exprs.tea:14:9	dot	""
exprs.tea:14:10	name	"ema"
exprs.tea:14:13	lparen	""
exprs.tea:14:14	name	"close"
exprs.tea:14:19	comma	""
exprs.tea:14:21	literal	"int:12"
exprs.tea:14:23	rparen	""
exprs.tea:14:24	newline	""
exprs.tea:15:1	name	"p"
exprs.tea:15:3	assign	""
exprs.tea:15:5	name	"plot"
exprs.tea:15:9	lparen	""
exprs.tea:15:10	name	"d"
exprs.tea:15:11	comma	""
exprs.tea:15:13	name	"title"
exprs.tea:15:19	assign	""
exprs.tea:15:21	literal	"string:\"D\""
exprs.tea:15:24	comma	""
exprs.tea:15:26	name	"color"
exprs.tea:15:32	assign	""
exprs.tea:15:34	name	"col"
exprs.tea:15:37	rparen	""
exprs.tea:15:38	newline	""
exprs.tea:16:1	name	"xs"
exprs.tea:16:4	assign	""
exprs.tea:16:6	name	"array"
exprs.tea:16:11	dot	""
exprs.tea:16:12	name	"new"
exprs.tea:16:15	operator	"<"
exprs.tea:16:16	name	"float"
exprs.tea:16:21	operator	">"
exprs.tea:16:22	lparen	""
exprs.tea:16:23	literal	"int:0"
exprs.tea:16:24	rparen	""
exprs.tea:16:25	newline	""
exprs.tea:17:1	name	"float"
exprs.tea:17:6	lbrack	""
exprs.tea:17:7	rbrack	""
exprs.tea:17:9	name	"fs"
exprs.tea:17:12	assign	""
exprs.tea:17:14	name	"array"
exprs.tea:17:19	dot	""
exprs.tea:17:20	name	"from"
exprs.tea:17:24	lparen	""
exprs.tea:17:25	literal	"float:1.0"
exprs.tea:17:28	comma	""
exprs.tea:17:30	literal	"float:2.0"
exprs.tea:17:33	rparen	""
exprs.tea:17:34	newline	""
exprs.tea:18:1	name	"m"
exprs.tea:18:3	assign	""
exprs.tea:18:5	name	"math"
exprs.tea:18:9	dot	""
exprs.tea:18:10	name	"max"
exprs.tea:18:13	lparen	""
exprs.tea:18:14	name	"a"
exprs.tea:18:15	comma	""
exprs.tea:18:17	name	"c"
exprs.tea:18:18	rparen	""
exprs.tea:18:19	lbrack	""
exprs.tea:18:20	literal	"int:2"
exprs.tea:18:21	rbrack	""
exprs.tea:18:22	newline	""
exprs.tea:19:1	name	"u"
exprs.tea:19:3	assign	""
exprs.tea:19:5	operator	"-"
exprs.tea:19:6	name	"close"
exprs.tea:19:11	lbrack	""
exprs.tea:19:12	literal	"int:1"
exprs.tea:19:13	rbrack	""
exprs.tea:19:15	operator	"*"
exprs.tea:19:17	literal	"int:2"
exprs.tea:19:19	operator	"%"
exprs.tea:19:21	literal	"int:3"
exprs.tea:19:23	operator	"/"
exprs.tea:19:25	literal	"int:4"
exprs.tea:19:26	newline	""
exprs.tea:20:1	name	"t"
exprs.tea:20:3	assign	""
exprs.tea:20:5	lbrack	""
exprs.tea:20:6	name	"x"
exprs.tea:20:7	comma	""
exprs.tea:20:9	name	"y"
exprs.tea:20:10	rbrack	""
exprs.tea:20:11	newline	""
exprs.tea:21:1	name	"q"
exprs.tea:21:3	assign	""
exprs.tea:21:5	name	"a"
exprs.tea:21:7	operator	"<"
exprs.tea:21:9	name	"b"
exprs.tea:21:10	newline	""
exprs.tea:22:1	eof	""
