errors.tea:2:1	name	"bad"
errors.tea:2:5	assign	""
errors.tea:2:7	literal	"string:\"unterminated // ERROR string literal not terminated"
errors.tea:2:59	newline	""
errors.tea:3:1	name	"c"
errors.tea:3:3	assign	""
errors.tea:3:5	literal	"color:#ff00"
errors.tea:3:69	newline	""
errors.tea:4:1	name	"n"
errors.tea:4:3	assign	""
errors.tea:4:5	literal	"float:1e"
errors.tea:4:39	newline	""
errors.tea:5:1	name	"w"
errors.tea:5:3	assign	""
errors.tea:5:58	newline	""
errors.tea:6:1	name	"p"
errors.tea:6:3	assign	""
errors.tea:6:5	lparen	""
errors.tea:6:39	rparen	""
errors.tea:6:40	newline	""
errors.tea:7:1	if	""
errors.tea:7:4	name	"b"
errors.tea:7:5	newline	""
errors.tea:8:1	indent	""
errors.tea:8:9	name	"y"
errors.tea:8:11	assign	""
errors.tea:8:13	literal	"int:1"
errors.tea:8:14	newline	""
errors.tea:9:1	dedent	""
errors.tea:9:5	name	"z"
errors.tea:9:7	assign	""
errors.tea:9:9	literal	"int:2"
errors.tea:9:71	newline	""
errors.tea:10:1	dedent	""
errors.tea:10:1	eof	""
