example.tea:1:1	var	""
example.tea:1:5	name	"my_var"
example.tea:1:12	assign	""
example.tea:1:14	name	"close"
example.tea:1:20	operator	"+"
example.tea:1:22	name	"open"
example.tea:1:26	newline	""
example.tea:2:1	if	""
example.tea:2:4	name	"my_var"
example.tea:2:11	operator	">"
example.tea:2:13	name	"my_var"
example.tea:2:19	lbrack	""
example.tea:2:20	literal	"int:1"
example.tea:2:21	rbrack	""
example.tea:2:22	newline	""
example.tea:3:1	indent	""
example.tea:3:5	name	"color"
example.tea:3:11	assign	""
example.tea:3:13	name	"colors"
example.tea:3:19	dot	""
example.tea:3:20	name	"green"
example.tea:3:25	newline	""
example.tea:4:1	dedent	""
example.tea:4:1	else	""
example.tea:4:5	newline	""
example.tea:5:1	indent	""
example.tea:5:5	name	"color"
example.tea:5:11	assign	""
example.tea:5:13	name	"colors"
example.tea:5:19	dot	""
example.tea:5:20	name	"red"
example.tea:5:23	newline	""
example.tea:6:1	dedent	""
example.tea:6:1	name	"plot"
example.tea:6:5	lparen	""
example.tea:6:6	literal	"string:\"my_plot\""
example.tea:6:15	comma	""
example.tea:6:17	name	"my_var"
example.tea:6:23	comma	""
example.tea:6:25	name	"color"
example.tea:6:30	rparen	""
example.tea:6:31	newline	""
example.tea:7:1	eof	""
