File @1:1 eof=@7:1
  stmtList[0]: DeclStmt @1:1 mode="var"
    target: Name @1:5 value="my_var"
    init: BinaryExpr @1:14 op="+"
      x: Name @1:14 value="close"
      y: Name @1:22 value="open"
  stmtList[1]: ExprStmt @2:1
    x: IfExpr @2:1
      cond: BinaryExpr @2:4 op=">"
        x: Name @2:4 value="my_var"
        y: HistoryExpr @2:13
          x: Name @2:13 value="my_var"
          offset: BasicLit @2:20 litKind="int" value="1" bad=false
      then: Block @3:5
        stmtList[0]: DeclStmt @3:5 mode="none"
          target: Name @3:5 value="color"
          init: SelectorExpr @3:13
            x: Name @3:13 value="colors"
            sel: Name @3:20 value="green"
      else: Block @5:5
        stmtList[0]: DeclStmt @5:5 mode="none"
          target: Name @5:5 value="color"
          init: SelectorExpr @5:13
            x: Name @5:13 value="colors"
            sel: Name @5:20 value="red"
  stmtList[2]: ExprStmt @6:1
    x: CallExpr @6:1
      fun: Name @6:1 value="plot"
      args[0]: Arg @6:6
        value: BasicLit @6:6 litKind="string" value="\"my_plot\"" bad=false
      args[1]: Arg @6:17
        value: Name @6:17 value="my_var"
      args[2]: Arg @6:25
        value: Name @6:25 value="color"
