macd.tea:2:1	name	"indicator"
macd.tea:2:10	lparen	""
macd.tea:2:11	literal	"string:\"Moving Average Convergence Divergence\""
macd.tea:2:50	comma	""
macd.tea:2:52	literal	"string:\"MACD\""
macd.tea:2:58	comma	""
macd.tea:2:60	name	"timeframe"
macd.tea:2:70	assign	""
macd.tea:2:72	literal	"string:\"\""
macd.tea:2:74	comma	""
macd.tea:2:76	name	"timeframe_gaps"
macd.tea:2:91	assign	""
macd.tea:2:93	name	"true"
macd.tea:2:97	rparen	""
macd.tea:2:98	newline	""
macd.tea:5:1	name	"float"
macd.tea:5:8	name	"sourceInput"
macd.tea:5:21	assign	""
macd.tea:5:23	name	"input"
macd.tea:5:28	dot	""
macd.tea:5:29	name	"source"
macd.tea:5:35	lparen	""
macd.tea:5:36	name	"close"
macd.tea:5:41	comma	""
macd.tea:5:43	literal	"string:\"Source\""
macd.tea:5:51	rparen	""
macd.tea:5:52	newline	""
macd.tea:6:1	name	"int"
macd.tea:6:8	name	"fastLenInput"
macd.tea:6:21	assign	""
macd.tea:6:23	name	"input"
macd.tea:6:28	dot	""
macd.tea:6:29	name	"int"
macd.tea:6:32	lparen	""
macd.tea:6:33	literal	"int:12"
macd.tea:6:35	comma	""
macd.tea:6:37	literal	"string:\"Fast length\""
macd.tea:6:50	comma	""
macd.tea:6:54	literal	"int:1"
macd.tea:6:55	rparen	""
macd.tea:6:56	newline	""
macd.tea:7:1	name	"int"
macd.tea:7:8	name	"slowLenInput"
macd.tea:7:21	assign	""
macd.tea:7:23	name	"input"
macd.tea:7:28	dot	""
macd.tea:7:29	name	"int"
macd.tea:7:32	lparen	""
macd.tea:7:33	literal	"int:26"
macd.tea:7:35	comma	""
macd.tea:7:37	literal	"string:\"Slow length\""
macd.tea:7:50	comma	""
macd.tea:7:54	literal	"int:1"
macd.tea:7:55	rparen	""
macd.tea:7:56	newline	""
macd.tea:8:1	name	"int"
macd.tea:8:8	name	"sigLenInput"
macd.tea:8:21	assign	""
macd.tea:8:23	name	"input"
macd.tea:8:28	dot	""
macd.tea:8:29	name	"int"
macd.tea:8:32	lparen	""
macd.tea:8:33	literal	"int:9"
macd.tea:8:34	comma	""
macd.tea:8:37	literal	"string:\"Signal length\""
macd.tea:8:52	comma	""
macd.tea:8:54	literal	"int:1"
macd.tea:8:55	rparen	""
macd.tea:8:56	newline	""
macd.tea:9:1	name	"string"
macd.tea:9:8	name	"oscTypeInput"
macd.tea:9:21	assign	""
macd.tea:9:23	name	"input"
macd.tea:9:28	dot	""
macd.tea:9:29	name	"string"
macd.tea:9:35	lparen	""
macd.tea:9:36	literal	"string:\"EMA\""
macd.tea:9:41	comma	""
macd.tea:9:43	literal	"string:\"Oscillator MA type\""
macd.tea:9:63	comma	""
macd.tea:9:65	lbrack	""
macd.tea:9:66	literal	"string:\"EMA\""
macd.tea:9:71	comma	""
macd.tea:9:73	literal	"string:\"SMA\""
macd.tea:9:78	rbrack	""
macd.tea:9:79	comma	""
macd.tea:9:81	name	"display"
macd.tea:9:89	assign	""
macd.tea:9:91	name	"display"
macd.tea:9:98	dot	""
macd.tea:9:99	name	"none"
macd.tea:9:103	rparen	""
macd.tea:9:104	newline	""
macd.tea:10:1	name	"string"
macd.tea:10:8	name	"sigTypeInput"
macd.tea:10:21	assign	""
macd.tea:10:23	name	"input"
macd.tea:10:28	dot	""
macd.tea:10:29	name	"string"
macd.tea:10:35	lparen	""
macd.tea:10:36	literal	"string:\"EMA\""
macd.tea:10:41	comma	""
macd.tea:10:43	literal	"string:\"Signal MA type\""
macd.tea:10:59	comma	""
macd.tea:10:65	lbrack	""
macd.tea:10:66	literal	"string:\"EMA\""
macd.tea:10:71	comma	""
macd.tea:10:73	literal	"string:\"SMA\""
macd.tea:10:78	rbrack	""
macd.tea:10:79	comma	""
macd.tea:10:81	name	"display"
macd.tea:10:89	assign	""
macd.tea:10:91	name	"display"
macd.tea:10:98	dot	""
macd.tea:10:99	name	"none"
macd.tea:10:103	rparen	""
macd.tea:10:104	newline	""
macd.tea:13:1	name	"ma"
macd.tea:13:3	lparen	""
macd.tea:13:4	name	"float"
macd.tea:13:10	name	"source"
macd.tea:13:16	comma	""
macd.tea:13:18	name	"int"
macd.tea:13:22	name	"length"
macd.tea:13:28	comma	""
macd.tea:13:30	name	"simple"
macd.tea:13:37	name	"string"
macd.tea:13:44	name	"maType"
macd.tea:13:50	rparen	""
macd.tea:13:52	arrow	""
macd.tea:13:54	newline	""
macd.tea:14:1	indent	""
macd.tea:14:5	switch	""
macd.tea:14:12	name	"maType"
macd.tea:14:18	newline	""
macd.tea:15:1	indent	""
macd.tea:15:9	literal	"string:\"EMA\""
macd.tea:15:15	arrow	""
macd.tea:15:18	name	"ta"
macd.tea:15:20	dot	""
macd.tea:15:21	name	"ema"
macd.tea:15:24	lparen	""
macd.tea:15:25	name	"source"
macd.tea:15:31	comma	""
macd.tea:15:33	name	"length"
macd.tea:15:39	rparen	""
macd.tea:15:40	newline	""
macd.tea:16:9	literal	"string:\"SMA\""
macd.tea:16:15	arrow	""
macd.tea:16:18	name	"ta"
macd.tea:16:20	dot	""
macd.tea:16:21	name	"sma"
macd.tea:16:24	lparen	""
macd.tea:16:25	name	"source"
macd.tea:16:31	comma	""
macd.tea:16:33	name	"length"
macd.tea:16:39	rparen	""
macd.tea:16:40	newline	""
macd.tea:19:1	dedent	""
macd.tea:19:1	dedent	""
macd.tea:19:1	name	"float"
macd.tea:19:7	name	"maFast"
macd.tea:19:14	assign	""
macd.tea:19:16	name	"ma"
macd.tea:19:18	lparen	""
macd.tea:19:19	name	"sourceInput"
macd.tea:19:30	comma	""
macd.tea:19:32	name	"fastLenInput"
macd.tea:19:44	comma	""
macd.tea:19:46	name	"oscTypeInput"
macd.tea:19:58	rparen	""
macd.tea:19:59	newline	""
macd.tea:20:1	name	"float"
macd.tea:20:7	name	"maSlow"
macd.tea:20:14	assign	""
macd.tea:20:16	name	"ma"
macd.tea:20:18	lparen	""
macd.tea:20:19	name	"sourceInput"
macd.tea:20:30	comma	""
macd.tea:20:32	name	"slowLenInput"
macd.tea:20:44	comma	""
macd.tea:20:46	name	"oscTypeInput"
macd.tea:20:58	rparen	""
macd.tea:20:59	newline	""
macd.tea:21:1	name	"float"
macd.tea:21:7	name	"macd"
macd.tea:21:14	assign	""
macd.tea:21:16	name	"maFast"
macd.tea:21:23	operator	"-"
macd.tea:21:25	name	"maSlow"
macd.tea:21:31	newline	""
macd.tea:22:1	name	"float"
macd.tea:22:7	name	"signal"
macd.tea:22:14	assign	""
macd.tea:22:16	name	"ma"
macd.tea:22:18	lparen	""
macd.tea:22:19	name	"macd"
macd.tea:22:23	comma	""
macd.tea:22:25	name	"sigLenInput"
macd.tea:22:36	comma	""
macd.tea:22:38	name	"sigTypeInput"
macd.tea:22:50	rparen	""
macd.tea:22:51	newline	""
macd.tea:23:1	name	"float"
macd.tea:23:7	name	"hist"
macd.tea:23:14	assign	""
macd.tea:23:16	name	"macd"
macd.tea:23:21	operator	"-"
macd.tea:23:23	name	"signal"
macd.tea:23:29	newline	""
macd.tea:24:1	name	"color"
macd.tea:24:7	name	"hColor"
macd.tea:24:14	assign	""
macd.tea:24:16	name	"hist"
macd.tea:24:21	operator	">="
macd.tea:24:24	literal	"int:0"
macd.tea:24:26	question	""
macd.tea:24:28	name	"hist"
macd.tea:24:33	operator	">"
macd.tea:24:35	name	"hist"
macd.tea:24:39	lbrack	""
macd.tea:24:40	literal	"int:1"
macd.tea:24:41	rbrack	""
macd.tea:24:43	question	""
macd.tea:24:45	literal	"color:#26a69a"
macd.tea:24:53	colon	""
macd.tea:24:55	literal	"color:#b2dfdb"
macd.tea:24:63	colon	""
macd.tea:24:65	name	"hist"
macd.tea:24:70	operator	">"
macd.tea:24:72	name	"hist"
macd.tea:24:76	lbrack	""
macd.tea:24:77	literal	"int:1"
macd.tea:24:78	rbrack	""
macd.tea:24:80	question	""
macd.tea:24:82	literal	"color:#ffcdd2"
macd.tea:24:90	colon	""
macd.tea:24:92	literal	"color:#ff5252"
macd.tea:24:99	newline	""
macd.tea:26:1	name	"hline"
macd.tea:26:6	lparen	""
macd.tea:26:7	literal	"int:0"
macd.tea:26:8	comma	""
macd.tea:26:10	literal	"string:\"Zero\""
macd.tea:26:16	comma	""
macd.tea:26:18	literal	"color:#787b8680"
macd.tea:26:27	rparen	""
macd.tea:26:28	newline	""
macd.tea:27:1	name	"plot"
macd.tea:27:5	lparen	""
macd.tea:27:6	name	"hist"
macd.tea:27:10	comma	""
macd.tea:27:12	literal	"string:\"Histogram\""
macd.tea:27:23	comma	""
macd.tea:27:25	name	"hColor"
macd.tea:27:31	comma	""
macd.tea:27:33	name	"style"
macd.tea:27:39	assign	""
macd.tea:27:41	name	"plot"
macd.tea:27:45	dot	""
macd.tea:27:46	name	"style_columns"
macd.tea:27:59	rparen	""
macd.tea:27:60	newline	""
macd.tea:28:1	name	"plot"
macd.tea:28:5	lparen	""
macd.tea:28:6	name	"macd"
macd.tea:28:10	comma	""
macd.tea:28:12	literal	"string:\"MACD\""
macd.tea:28:18	rparen	""
macd.tea:28:19	newline	""
macd.tea:29:1	name	"plot"
macd.tea:29:5	lparen	""
macd.tea:29:6	name	"signal"
macd.tea:29:12	comma	""
macd.tea:29:14	literal	"string:\"Signal line\""
macd.tea:29:27	comma	""
macd.tea:29:29	literal	"color:#ff6d00"
macd.tea:29:36	rparen	""
macd.tea:29:37	newline	""
macd.tea:32:1	name	"alertcondition"
macd.tea:32:15	lparen	""
macd.tea:32:16	name	"hist"
macd.tea:32:20	lbrack	""
macd.tea:32:21	literal	"int:1"
macd.tea:32:22	rbrack	""
macd.tea:32:24	operator	">="
macd.tea:32:27	literal	"int:0"
macd.tea:32:29	operator	"and"
macd.tea:32:33	name	"hist"
macd.tea:32:38	operator	"<"
macd.tea:32:40	literal	"int:0"
macd.tea:32:41	comma	""
macd.tea:32:43	literal	"string:\"Rising to falling\""
macd.tea:32:62	comma	""
macd.tea:32:64	literal	"string:\"MACD histogram switched from a rising to falling state\""
macd.tea:32:120	rparen	""
macd.tea:32:121	newline	""
macd.tea:33:1	name	"alertcondition"
macd.tea:33:15	lparen	""
macd.tea:33:16	name	"hist"
macd.tea:33:20	lbrack	""
macd.tea:33:21	literal	"int:1"
macd.tea:33:22	rbrack	""
macd.tea:33:24	operator	"<="
macd.tea:33:27	literal	"int:0"
macd.tea:33:29	operator	"and"
macd.tea:33:33	name	"hist"
macd.tea:33:38	operator	">"
macd.tea:33:40	literal	"int:0"
macd.tea:33:41	comma	""
macd.tea:33:43	literal	"string:\"Falling to rising\""
macd.tea:33:62	comma	""
macd.tea:33:64	literal	"string:\"MACD histogram switched from a falling to rising state\""
macd.tea:33:120	rparen	""
macd.tea:33:121	newline	""
macd.tea:34:1	eof	""
