tokens.tea:2:1	var	""
tokens.tea:2:5	name	"float"
tokens.tea:2:11	name	"b"
tokens.tea:2:13	assign	""
tokens.tea:2:15	literal	"float:1.4"
tokens.tea:2:18	newline	""
tokens.tea:3:1	name	"x"
tokens.tea:3:3	assign	""
tokens.tea:3:5	name	"close"
tokens.tea:3:11	operator	"+"
tokens.tea:3:13	name	"open"
tokens.tea:3:18	operator	"*"
tokens.tea:3:20	literal	"int:2"
tokens.tea:3:21	newline	""
tokens.tea:4:1	name	"s"
tokens.tea:4:3	assign	""
tokens.tea:4:5	literal	"string:\"hi\""
tokens.tea:4:10	operator	"+"
tokens.tea:4:12	literal	"string:'there'"
tokens.tea:4:19	newline	""
tokens.tea:5:1	name	"c1"
tokens.tea:5:4	assign	""
tokens.tea:5:6	literal	"color:#ff0000"
tokens.tea:5:13	newline	""
tokens.tea:6:1	name	"c2"
tokens.tea:6:4	assign	""
tokens.tea:6:6	literal	"color:#FF00AA80"
tokens.tea:6:15	newline	""
tokens.tea:7:1	if	""
tokens.tea:7:4	name	"x"
tokens.tea:7:6	operator	">"
tokens.tea:7:8	name	"b"
tokens.tea:7:10	operator	"and"
tokens.tea:7:14	operator	"not"
tokens.tea:7:18	name	"na"
tokens.tea:7:20	lparen	""
tokens.tea:7:21	name	"x"
tokens.tea:7:22	rparen	""
tokens.tea:7:23	newline	""
tokens.tea:8:1	indent	""
tokens.tea:8:5	name	"y"
tokens.tea:8:7	define	""
tokens.tea:8:10	name	"x"
tokens.tea:8:12	operator	"%"
tokens.tea:8:14	literal	"int:3"
tokens.tea:8:15	newline	""
tokens.tea:9:5	name	"z"
tokens.tea:9:7	assign	""
tokens.tea:9:9	name	"x"
tokens.tea:9:11	operator	">="
tokens.tea:9:14	literal	"int:2"
tokens.tea:9:16	question	""
tokens.tea:9:18	literal	"int:1"
tokens.tea:9:20	colon	""
tokens.tea:9:22	literal	"int:0"
tokens.tea:9:23	newline	""
tokens.tea:10:1	dedent	""
tokens.tea:10:1	else	""
tokens.tea:10:5	newline	""
tokens.tea:11:1	indent	""
tokens.tea:11:5	name	"w"
tokens.tea:11:7	assign	""
tokens.tea:11:9	name	"f"
tokens.tea:11:10	lparen	""
tokens.tea:11:11	name	"a"
tokens.tea:11:12	comma	""
tokens.tea:11:14	name	"offset"
tokens.tea:11:21	assign	""
tokens.tea:11:23	literal	"float:.5"
tokens.tea:11:25	rparen	""
tokens.tea:11:26	newline	""
tokens.tea:12:1	dedent	""
tokens.tea:12:1	name	"plot"
tokens.tea:12:5	lparen	""
tokens.tea:12:6	name	"x"
tokens.tea:12:7	comma	""
tokens.tea:13:3	name	"color"
tokens.tea:13:9	assign	""
tokens.tea:13:11	name	"c1"
tokens.tea:13:13	rparen	""
tokens.tea:13:14	newline	""
tokens.tea:14:1	name	"h"
tokens.tea:14:3	assign	""
tokens.tea:14:5	name	"nums"
tokens.tea:14:9	lbrack	""
tokens.tea:14:10	literal	"int:1"
tokens.tea:14:11	rbrack	""
tokens.tea:14:12	newline	""
tokens.tea:15:1	name	"t"
tokens.tea:15:3	assign	""
tokens.tea:15:5	name	"x"
tokens.tea:15:7	operator	"<="
tokens.tea:15:10	literal	"int:2"
tokens.tea:15:12	operator	"or"
tokens.tea:15:15	name	"x"
tokens.tea:15:17	operator	"!="
tokens.tea:15:20	literal	"int:3"
tokens.tea:15:21	newline	""
tokens.tea:16:1	name	"u"
tokens.tea:16:3	assign	""
tokens.tea:16:5	name	"x"
tokens.tea:16:7	operator	"/"
tokens.tea:16:9	literal	"int:2"
tokens.tea:16:11	operator	"-"
tokens.tea:16:13	literal	"int:1"
tokens.tea:16:14	newline	""
tokens.tea:17:1	name	"v"
tokens.tea:17:3	assign	""
tokens.tea:17:5	literal	"float:1e10"
tokens.tea:17:10	operator	"+"
tokens.tea:17:12	literal	"float:2.5e-3"
tokens.tea:17:18	newline	""
tokens.tea:18:1	name	"m"
tokens.tea:18:3	assignop	"+"
tokens.tea:18:6	literal	"int:1"
tokens.tea:18:7	newline	""
tokens.tea:19:1	name	"g"
tokens.tea:19:2	lparen	""
tokens.tea:19:3	rparen	""
tokens.tea:19:5	arrow	""
tokens.tea:19:7	newline	""
tokens.tea:20:1	indent	""
tokens.tea:20:5	literal	"int:1"
tokens.tea:20:6	newline	""
tokens.tea:23:1	dedent	""
tokens.tea:23:1	name	"w"
tokens.tea:23:3	assign	""
tokens.tea:23:5	while	""
tokens.tea:23:11	name	"x"
tokens.tea:23:13	operator	"<"
tokens.tea:23:15	literal	"int:9"
tokens.tea:23:16	newline	""
tokens.tea:24:1	indent	""
tokens.tea:24:5	name	"x"
tokens.tea:24:7	assignop	"+"
tokens.tea:24:10	literal	"int:3"
tokens.tea:24:11	newline	""
tokens.tea:25:5	name	"x"
tokens.tea:25:6	newline	""
tokens.tea:26:1	dedent	""
tokens.tea:26:1	eof	""
