types.tea:2:1	import	""
types.tea:2:8	name	"seanzhang"
types.tea:2:17	operator	"/"
types.tea:2:18	name	"talib"
types.tea:2:23	operator	"/"
types.tea:2:24	literal	"int:2"
types.tea:2:26	as	""
types.tea:2:29	name	"tl"
types.tea:2:31	newline	""
types.tea:3:1	export	""
types.tea:3:8	struct	""
types.tea:3:15	name	"Bin"
types.tea:3:18	newline	""
types.tea:4:1	indent	""
types.tea:4:5	name	"float"
types.tea:4:11	name	"lo"
types.tea:4:13	newline	""
types.tea:5:5	name	"float"
types.tea:5:11	name	"hi"
types.tea:5:14	assign	""
types.tea:5:16	literal	"float:0.0"
types.tea:5:19	newline	""
types.tea:6:5	name	"array"
types.tea:6:10	operator	"<"
types.tea:6:11	name	"float"
types.tea:6:16	operator	">"
types.tea:6:18	name	"samples"
types.tea:6:25	newline	""
types.tea:7:1	dedent	""
types.tea:7:1	type	""
types.tea:7:6	name	"Point"
types.tea:7:11	newline	""
types.tea:8:1	indent	""
types.tea:8:5	name	"int"
types.tea:8:9	name	"x"
types.tea:8:10	newline	""
types.tea:9:5	name	"int"
types.tea:9:9	name	"y"
types.tea:9:10	newline	""
types.tea:10:1	dedent	""
types.tea:10:1	enum	""
types.tea:10:6	name	"Side"
types.tea:10:10	newline	""
types.tea:11:1	indent	""
types.tea:11:5	name	"long"
types.tea:11:10	assign	""
types.tea:11:12	literal	"string:\"Long\""
types.tea:11:18	newline	""
types.tea:12:5	name	"short"
types.tea:12:10	newline	""
types.tea:13:1	dedent	""
types.tea:13:1	export	""
types.tea:13:8	enum	""
types.tea:13:13	name	"Mode"
types.tea:13:17	newline	""
types.tea:14:1	indent	""
types.tea:14:5	name	"fast"
types.tea:14:9	newline	""
types.tea:15:1	dedent	""
types.tea:15:1	name	"dist"
types.tea:15:5	lparen	""
types.tea:15:6	name	"Point"
types.tea:15:12	name	"p"
types.tea:15:13	comma	""
types.tea:15:15	name	"Point"
types.tea:15:21	name	"q"
types.tea:15:22	rparen	""
types.tea:15:24	arrow	""
types.tea:15:26	newline	""
types.tea:16:1	indent	""
types.tea:16:5	name	"math"
types.tea:16:9	dot	""
types.tea:16:10	name	"sqrt"
types.tea:16:14	lparen	""
types.tea:16:15	lparen	""
types.tea:16:16	name	"p"
types.tea:16:17	dot	""
types.tea:16:18	name	"x"
types.tea:16:20	operator	"-"
types.tea:16:22	name	"q"
types.tea:16:23	dot	""
types.tea:16:24	name	"x"
types.tea:16:25	rparen	""
types.tea:16:27	operator	"*"
types.tea:16:29	lparen	""
types.tea:16:30	name	"p"
types.tea:16:31	dot	""
types.tea:16:32	name	"x"
types.tea:16:34	operator	"-"
types.tea:16:36	name	"q"
types.tea:16:37	dot	""
types.tea:16:38	name	"x"
types.tea:16:39	rparen	""
types.tea:16:41	operator	"+"
types.tea:16:43	lparen	""
types.tea:16:44	name	"p"
types.tea:16:45	dot	""
types.tea:16:46	name	"y"
types.tea:16:48	operator	"-"
types.tea:16:50	name	"q"
types.tea:16:51	dot	""
types.tea:16:52	name	"y"
types.tea:16:53	rparen	""
types.tea:16:55	operator	"*"
types.tea:16:57	lparen	""
types.tea:16:58	name	"p"
types.tea:16:59	dot	""
types.tea:16:60	name	"y"
types.tea:16:62	operator	"-"
types.tea:16:64	name	"q"
types.tea:16:65	dot	""
types.tea:16:66	name	"y"
types.tea:16:67	rparen	""
types.tea:16:68	rparen	""
types.tea:16:69	newline	""
types.tea:17:1	dedent	""
types.tea:17:1	export	""
types.tea:17:8	name	"ma"
types.tea:17:10	lparen	""
types.tea:17:11	name	"float"
types.tea:17:17	name	"source"
types.tea:17:23	comma	""
types.tea:17:25	name	"int"
types.tea:17:29	name	"length"
types.tea:17:35	rparen	""
types.tea:17:37	arrow	""
types.tea:17:39	newline	""
types.tea:18:1	indent	""
types.tea:18:5	name	"ta"
types.tea:18:7	dot	""
types.tea:18:8	name	"sma"
types.tea:18:11	lparen	""
types.tea:18:12	name	"source"
types.tea:18:18	comma	""
types.tea:18:20	name	"length"
types.tea:18:26	rparen	""
types.tea:18:27	newline	""
types.tea:19:1	dedent	""
types.tea:19:1	name	"b"
types.tea:19:3	assign	""
types.tea:19:5	name	"Bin"
types.tea:19:8	dot	""
types.tea:19:9	name	"new"
types.tea:19:12	lparen	""
types.tea:19:13	literal	"float:1.0"
types.tea:19:16	comma	""
types.tea:19:18	literal	"float:2.0"
types.tea:19:21	comma	""
types.tea:19:23	name	"array"
types.tea:19:28	dot	""
types.tea:19:29	name	"new"
types.tea:19:32	operator	"<"
types.tea:19:33	name	"float"
types.tea:19:38	operator	">"
types.tea:19:39	lparen	""
types.tea:19:40	literal	"int:0"
types.tea:19:41	rparen	""
types.tea:19:42	rparen	""
types.tea:19:43	newline	""
types.tea:20:1	name	"d"
types.tea:20:3	assign	""
types.tea:20:5	name	"tl"
types.tea:20:7	dot	""
types.tea:20:8	name	"helper"
types.tea:20:14	lparen	""
types.tea:20:15	name	"b"
types.tea:20:16	rparen	""
types.tea:20:17	newline	""
types.tea:21:1	eof	""
